###############################################################################
#
# IAR ELF Linker V8.40.1.212/W32 for ARM                  08/Mar/2024  02:37:50
# Copyright 2007-2019 IAR Systems AB.
#
#    Output file  =
#        C:\Users\User\Desktop\tp1projet\EWARM\tp1projet\Exe\tp1projet.out
#    Map file     =
#        C:\Users\User\Desktop\tp1projet\EWARM\tp1projet\List\tp1projet.map
#    Command line =
#        -f C:\Users\User\AppData\Local\Temp\EW1F1B.tmp
#        (C:\Users\User\Desktop\tp1projet\EWARM\tp1projet\Obj\main.o
#        C:\Users\User\Desktop\tp1projet\EWARM\tp1projet\Obj\startup_stm32l475xx.o
#        C:\Users\User\Desktop\tp1projet\EWARM\tp1projet\Obj\stm32l4xx_hal.o
#        C:\Users\User\Desktop\tp1projet\EWARM\tp1projet\Obj\stm32l4xx_hal_cortex.o
#        C:\Users\User\Desktop\tp1projet\EWARM\tp1projet\Obj\stm32l4xx_hal_dfsdm.o
#        C:\Users\User\Desktop\tp1projet\EWARM\tp1projet\Obj\stm32l4xx_hal_dma.o
#        C:\Users\User\Desktop\tp1projet\EWARM\tp1projet\Obj\stm32l4xx_hal_dma_ex.o
#        C:\Users\User\Desktop\tp1projet\EWARM\tp1projet\Obj\stm32l4xx_hal_exti.o
#        C:\Users\User\Desktop\tp1projet\EWARM\tp1projet\Obj\stm32l4xx_hal_flash.o
#        C:\Users\User\Desktop\tp1projet\EWARM\tp1projet\Obj\stm32l4xx_hal_flash_ex.o
#        C:\Users\User\Desktop\tp1projet\EWARM\tp1projet\Obj\stm32l4xx_hal_flash_ramfunc.o
#        C:\Users\User\Desktop\tp1projet\EWARM\tp1projet\Obj\stm32l4xx_hal_gpio.o
#        C:\Users\User\Desktop\tp1projet\EWARM\tp1projet\Obj\stm32l4xx_hal_i2c.o
#        C:\Users\User\Desktop\tp1projet\EWARM\tp1projet\Obj\stm32l4xx_hal_i2c_ex.o
#        C:\Users\User\Desktop\tp1projet\EWARM\tp1projet\Obj\stm32l4xx_hal_msp.o
#        C:\Users\User\Desktop\tp1projet\EWARM\tp1projet\Obj\stm32l4xx_hal_pcd.o
#        C:\Users\User\Desktop\tp1projet\EWARM\tp1projet\Obj\stm32l4xx_hal_pcd_ex.o
#        C:\Users\User\Desktop\tp1projet\EWARM\tp1projet\Obj\stm32l4xx_hal_pwr.o
#        C:\Users\User\Desktop\tp1projet\EWARM\tp1projet\Obj\stm32l4xx_hal_pwr_ex.o
#        C:\Users\User\Desktop\tp1projet\EWARM\tp1projet\Obj\stm32l4xx_hal_qspi.o
#        C:\Users\User\Desktop\tp1projet\EWARM\tp1projet\Obj\stm32l4xx_hal_rcc.o
#        C:\Users\User\Desktop\tp1projet\EWARM\tp1projet\Obj\stm32l4xx_hal_rcc_ex.o
#        C:\Users\User\Desktop\tp1projet\EWARM\tp1projet\Obj\stm32l4xx_hal_spi.o
#        C:\Users\User\Desktop\tp1projet\EWARM\tp1projet\Obj\stm32l4xx_hal_spi_ex.o
#        C:\Users\User\Desktop\tp1projet\EWARM\tp1projet\Obj\stm32l4xx_hal_tim.o
#        C:\Users\User\Desktop\tp1projet\EWARM\tp1projet\Obj\stm32l4xx_hal_tim_ex.o
#        C:\Users\User\Desktop\tp1projet\EWARM\tp1projet\Obj\stm32l4xx_hal_uart.o
#        C:\Users\User\Desktop\tp1projet\EWARM\tp1projet\Obj\stm32l4xx_hal_uart_ex.o
#        C:\Users\User\Desktop\tp1projet\EWARM\tp1projet\Obj\stm32l4xx_it.o
#        C:\Users\User\Desktop\tp1projet\EWARM\tp1projet\Obj\stm32l4xx_ll_usb.o
#        C:\Users\User\Desktop\tp1projet\EWARM\tp1projet\Obj\system_stm32l4xx.o
#        --redirect _Printf=_PrintfFull --redirect _Scanf=_ScanfFull
#        --no_out_extension -o
#        C:\Users\User\Desktop\tp1projet\EWARM\tp1projet\Exe\tp1projet.out
#        --map
#        C:\Users\User\Desktop\tp1projet\EWARM\tp1projet\List\tp1projet.map
#        --config C:\Users\User\Desktop\tp1projet\EWARM/stm32l475xx_flash.icf
#        --semihosting --entry __iar_program_start --vfe --text_out locale)
#
###############################################################################

*******************************************************************************
*** RUNTIME MODEL ATTRIBUTES
***

CppFlavor       = *
__SystemLibrary = DLib
__dlib_version  = 6


*******************************************************************************
*** HEAP SELECTION
***

The basic heap was selected because no calls to memory allocation
functions were found in the application outside of system library
functions, and there are calls to deallocation functions in the
application.


*******************************************************************************
*** PLACEMENT SUMMARY
***

"A0":  place at address 0x800'0000 { ro section .intvec };
"P1":  place in [from 0x800'0000 to 0x80f'ffff] { ro };
define block CSTACK with size = 1K, alignment = 8 { };
define block HEAP with size = 512, alignment = 8 { };
"P2":  place in [from 0x2000'0000 to 0x2001'7fff] {
          rw, block CSTACK, block HEAP };
"P3":  place in [from 0x2000'0000 to 0x2001'7fff] { };
initialize by copy { rw };

  Section            Kind         Address    Size  Object
  -------            ----         -------    ----  ------
"A0":                                       0x188
  .intvec            ro code   0x800'0000   0x188  startup_stm32l475xx.o [1]
                             - 0x800'0188   0x188

"P1":                                      0x2b10
  .text              ro code   0x800'0188   0x6d0  stm32l4xx_hal_rcc.o [1]
  .text              ro code   0x800'0858    0x44  stm32l4xx_hal.o [1]
  .text              ro code   0x800'089c     0xc  stm32l4xx_hal.o [1]
  .text              ro code   0x800'08a8    0x98  stm32l4xx_hal_pwr_ex.o [1]
  .text              ro code   0x800'0940    0xc4  stm32l4xx_hal_cortex.o [1]
  .text              ro code   0x800'0a04   0x550  stm32l4xx_hal_rcc_ex.o [1]
  .text              ro code   0x800'0f54   0x4d6  main.o [1]
  .text              ro code   0x800'142a    0x3a  zero_init3.o [4]
  .text              ro code   0x800'1464    0x1e  stm32l4xx_hal.o [1]
  .text              ro code   0x800'1482    0x2e  copy_init3.o [4]
  .text              ro code   0x800'14b0   0x21a  stm32l4xx_hal_gpio.o [1]
  .text              ro code   0x800'16cc   0x160  stm32l4xx_hal_dfsdm.o [1]
  .text              ro code   0x800'182c    0xb0  stm32l4xx_hal_i2c.o [1]
  .text              ro code   0x800'18dc    0x7e  stm32l4xx_hal_i2c_ex.o [1]
  .text              ro code   0x800'195c    0xf6  stm32l4xx_hal_qspi.o [1]
  .text              ro code   0x800'1a54    0xae  stm32l4xx_hal_spi.o [1]
  .text              ro code   0x800'1b04    0xdc  stm32l4xx_hal_pcd.o [1]
  .text              ro code   0x800'1be0   0x10c  stm32l4xx_hal_tim.o [1]
  .text              ro code   0x800'1cec    0x5c  stm32l4xx_hal_tim_ex.o [1]
  .text              ro code   0x800'1d48    0x28  stm32l4xx_hal.o [1]
  .text              ro code   0x800'1d70   0x4ba  stm32l4xx_hal_uart.o [1]
  .text              ro code   0x800'222a    0x14  memset.o [4]
  .text              ro code   0x800'2240    0x10  stm32l4xx_hal_pwr.o [1]
  .text              ro code   0x800'2250   0x30c  stm32l4xx_hal_msp.o [1]
  .text              ro code   0x800'255c   0x26c  stm32l4xx_ll_usb.o [1]
  .text              ro code   0x800'27c8    0x26  stm32l4xx_hal_pcd_ex.o [1]
  .text              ro code   0x800'27f0    0x18  ABImemcpy_small.o [4]
  .text              ro code   0x800'2808   0x106  I64DivMod_small.o [4]
  .text              ro code   0x800'2910    0x66  ABImemset.o [4]
  .text              ro code   0x800'2978     0x2  I64DivZer.o [4]
  .text              ro code   0x800'297c    0x5c  system_stm32l4xx.o [1]
  .text              ro code   0x800'29d8    0x5a  stm32l4xx_it.o [1]
  .text              ro code   0x800'2a34    0x10  stm32l4xx_hal.o [1]
  .rodata            const     0x800'2a44    0x30  system_stm32l4xx.o [1]
  .text              ro code   0x800'2a74    0x28  data_init.o [4]
  .text              ro code   0x800'2a9c    0x22  fpinit_M.o [3]
  .iar.init_table    const     0x800'2ac0    0x24  - Linker created -
  .text              ro code   0x800'2ae4    0x1e  cmain.o [4]
  .text              ro code   0x800'2b02     0x4  low_level_init.o [2]
  .text              ro code   0x800'2b06     0x4  exit.o [2]
  .text              ro code   0x800'2b0c     0xa  cexit.o [4]
  .text              ro code   0x800'2b18    0x14  exit.o [5]
  .text              ro code   0x800'2b2c    0x10  startup_stm32l475xx.o [1]
  Initializer bytes  const     0x800'2b3c    0x10  <for P2-P3-1>
  .text              ro code   0x800'2b4c     0xc  cstartup_M.o [4]
  .rodata            const     0x800'2b58     0x8  system_stm32l4xx.o [1]
  .text              ro code   0x800'2b60     0x4  startup_stm32l475xx.o [1]
  .text              ro code   0x800'2b64     0x4  startup_stm32l475xx.o [1]
  .text              ro code   0x800'2b68     0x4  startup_stm32l475xx.o [1]
  .text              ro code   0x800'2b6c     0x4  startup_stm32l475xx.o [1]
  .text              ro code   0x800'2b70     0x4  startup_stm32l475xx.o [1]
  .text              ro code   0x800'2b74     0x4  startup_stm32l475xx.o [1]
  .text              ro code   0x800'2b78     0x4  startup_stm32l475xx.o [1]
  .text              ro code   0x800'2b7c     0x4  startup_stm32l475xx.o [1]
  .text              ro code   0x800'2b80     0x4  startup_stm32l475xx.o [1]
  .text              ro code   0x800'2b84     0x4  startup_stm32l475xx.o [1]
  .text              ro code   0x800'2b88     0x4  startup_stm32l475xx.o [1]
  .text              ro code   0x800'2b8c     0x4  startup_stm32l475xx.o [1]
  .text              ro code   0x800'2b90     0x4  startup_stm32l475xx.o [1]
  .text              ro code   0x800'2b94     0x4  startup_stm32l475xx.o [1]
  .text              ro code   0x800'2b98     0x4  startup_stm32l475xx.o [1]
  .text              ro code   0x800'2b9c     0x4  startup_stm32l475xx.o [1]
  .text              ro code   0x800'2ba0     0x4  startup_stm32l475xx.o [1]
  .text              ro code   0x800'2ba4     0x4  startup_stm32l475xx.o [1]
  .text              ro code   0x800'2ba8     0x4  startup_stm32l475xx.o [1]
  .text              ro code   0x800'2bac     0x4  startup_stm32l475xx.o [1]
  .text              ro code   0x800'2bb0     0x4  startup_stm32l475xx.o [1]
  .text              ro code   0x800'2bb4     0x4  startup_stm32l475xx.o [1]
  .text              ro code   0x800'2bb8     0x4  startup_stm32l475xx.o [1]
  .text              ro code   0x800'2bbc     0x4  startup_stm32l475xx.o [1]
  .text              ro code   0x800'2bc0     0x4  startup_stm32l475xx.o [1]
  .text              ro code   0x800'2bc4     0x4  startup_stm32l475xx.o [1]
  .text              ro code   0x800'2bc8     0x4  startup_stm32l475xx.o [1]
  .text              ro code   0x800'2bcc     0x4  startup_stm32l475xx.o [1]
  .text              ro code   0x800'2bd0     0x4  startup_stm32l475xx.o [1]
  .text              ro code   0x800'2bd4     0x4  startup_stm32l475xx.o [1]
  .text              ro code   0x800'2bd8     0x4  startup_stm32l475xx.o [1]
  .text              ro code   0x800'2bdc     0x4  startup_stm32l475xx.o [1]
  .text              ro code   0x800'2be0     0x4  startup_stm32l475xx.o [1]
  .text              ro code   0x800'2be4     0x4  startup_stm32l475xx.o [1]
  .text              ro code   0x800'2be8     0x4  startup_stm32l475xx.o [1]
  .text              ro code   0x800'2bec     0x4  startup_stm32l475xx.o [1]
  .text              ro code   0x800'2bf0     0x4  startup_stm32l475xx.o [1]
  .text              ro code   0x800'2bf4     0x4  startup_stm32l475xx.o [1]
  .text              ro code   0x800'2bf8     0x4  startup_stm32l475xx.o [1]
  .text              ro code   0x800'2bfc     0x4  startup_stm32l475xx.o [1]
  .text              ro code   0x800'2c00     0x4  startup_stm32l475xx.o [1]
  .text              ro code   0x800'2c04     0x4  startup_stm32l475xx.o [1]
  .text              ro code   0x800'2c08     0x4  startup_stm32l475xx.o [1]
  .text              ro code   0x800'2c0c     0x4  startup_stm32l475xx.o [1]
  .text              ro code   0x800'2c10     0x4  startup_stm32l475xx.o [1]
  .text              ro code   0x800'2c14     0x4  startup_stm32l475xx.o [1]
  .text              ro code   0x800'2c18     0x4  startup_stm32l475xx.o [1]
  .text              ro code   0x800'2c1c     0x4  startup_stm32l475xx.o [1]
  .text              ro code   0x800'2c20     0x4  startup_stm32l475xx.o [1]
  .text              ro code   0x800'2c24     0x4  startup_stm32l475xx.o [1]
  .text              ro code   0x800'2c28     0x4  startup_stm32l475xx.o [1]
  .text              ro code   0x800'2c2c     0x4  startup_stm32l475xx.o [1]
  .text              ro code   0x800'2c30     0x4  startup_stm32l475xx.o [1]
  .text              ro code   0x800'2c34     0x4  startup_stm32l475xx.o [1]
  .text              ro code   0x800'2c38     0x4  startup_stm32l475xx.o [1]
  .text              ro code   0x800'2c3c     0x4  startup_stm32l475xx.o [1]
  .text              ro code   0x800'2c40     0x4  startup_stm32l475xx.o [1]
  .text              ro code   0x800'2c44     0x4  startup_stm32l475xx.o [1]
  .text              ro code   0x800'2c48     0x4  startup_stm32l475xx.o [1]
  .text              ro code   0x800'2c4c     0x4  startup_stm32l475xx.o [1]
  .text              ro code   0x800'2c50     0x4  startup_stm32l475xx.o [1]
  .text              ro code   0x800'2c54     0x4  startup_stm32l475xx.o [1]
  .text              ro code   0x800'2c58     0x4  startup_stm32l475xx.o [1]
  .text              ro code   0x800'2c5c     0x4  startup_stm32l475xx.o [1]
  .text              ro code   0x800'2c60     0x4  startup_stm32l475xx.o [1]
  .text              ro code   0x800'2c64     0x4  startup_stm32l475xx.o [1]
  .text              ro code   0x800'2c68     0x4  startup_stm32l475xx.o [1]
  .text              ro code   0x800'2c6c     0x4  startup_stm32l475xx.o [1]
  .text              ro code   0x800'2c70     0x4  startup_stm32l475xx.o [1]
  .text              ro code   0x800'2c74     0x4  startup_stm32l475xx.o [1]
  .text              ro code   0x800'2c78     0x4  startup_stm32l475xx.o [1]
  .text              ro code   0x800'2c7c     0x4  startup_stm32l475xx.o [1]
  .text              ro code   0x800'2c80     0x4  startup_stm32l475xx.o [1]
  .text              ro code   0x800'2c84     0x4  startup_stm32l475xx.o [1]
  .text              ro code   0x800'2c88     0x4  startup_stm32l475xx.o [1]
  .text              ro code   0x800'2c8c     0x4  startup_stm32l475xx.o [1]
  .text              ro code   0x800'2c90     0x4  startup_stm32l475xx.o [1]
  .text              ro code   0x800'2c94     0x4  startup_stm32l475xx.o [1]
  .rodata            const     0x800'2c98     0x0  zero_init3.o [4]
  .rodata            const     0x800'2c98     0x0  copy_init3.o [4]
                             - 0x800'2c98  0x2b10

"P2-P3", part 1 of 3:                        0x10
  P2-P3-1                     0x2000'0000    0x10  <Init block>
    .data            inited   0x2000'0000     0xc  stm32l4xx_hal.o [1]
    .data            inited   0x2000'000c     0x4  system_stm32l4xx.o [1]
                            - 0x2000'0010    0x10

"P2-P3", part 2 of 3:                       0x69c
  .bss               zero     0x2000'0010   0x674  main.o [1]
  .bss               zero     0x2000'0684    0x24  stm32l4xx_hal_dfsdm.o [1]
  .bss               zero     0x2000'06a8     0x4  stm32l4xx_hal_msp.o [1]
                            - 0x2000'06ac   0x69c

"P2-P3", part 3 of 3:                       0x400
  CSTACK                      0x2000'06b0   0x400  <Block>
    CSTACK           uninit   0x2000'06b0   0x400  <Block tail>
                            - 0x2000'0ab0   0x400

Unused ranges:

         From           To      Size
         ----           --      ----
   0x800'2c98   0x80f'ffff  0xf'd368
  0x2000'06ac  0x2000'06af       0x4
  0x2000'0ab0  0x2001'7fff  0x1'7550


*******************************************************************************
*** INIT TABLE
***

          Address      Size
          -------      ----
Zero (__iar_zero_init3)
    1 destination range, total size 0x69c:
          0x2000'0010  0x69c

Copy (__iar_copy_init3)
    1 source range, total size 0x10:
           0x800'2b3c   0x10
    1 destination range, total size 0x10:
          0x2000'0000   0x10



*******************************************************************************
*** MODULE SUMMARY
***

    Module                  ro code  ro data  rw data
    ------                  -------  -------  -------
command line/config:
    -------------------------------------------------
    Total:

C:\Users\User\Desktop\tp1projet\EWARM\tp1projet\Obj: [1]
    main.o                    1'238             1'652
    startup_stm32l475xx.o       720
    stm32l4xx_hal.o             166       12       12
    stm32l4xx_hal_cortex.o      196
    stm32l4xx_hal_dfsdm.o       352                36
    stm32l4xx_hal_gpio.o        538
    stm32l4xx_hal_i2c.o         176
    stm32l4xx_hal_i2c_ex.o      126
    stm32l4xx_hal_msp.o         780                 4
    stm32l4xx_hal_pcd.o         220
    stm32l4xx_hal_pcd_ex.o       38
    stm32l4xx_hal_pwr.o          16
    stm32l4xx_hal_pwr_ex.o      152
    stm32l4xx_hal_qspi.o        246
    stm32l4xx_hal_rcc.o       1'744
    stm32l4xx_hal_rcc_ex.o    1'360
    stm32l4xx_hal_spi.o         174
    stm32l4xx_hal_tim.o         268
    stm32l4xx_hal_tim_ex.o       92
    stm32l4xx_hal_uart.o      1'210
    stm32l4xx_it.o               90
    stm32l4xx_ll_usb.o          620
    system_stm32l4xx.o           92       60        4
    -------------------------------------------------
    Total:                   10'614       72    1'708

dl7M_tln.a: [2]
    exit.o                        4
    low_level_init.o              4
    -------------------------------------------------
    Total:                        8

m7M_tls.a: [3]
    fpinit_M.o                   34
    -------------------------------------------------
    Total:                       34

rt7M_tl.a: [4]
    ABImemcpy_small.o            24
    ABImemset.o                 102
    I64DivMod_small.o           262
    I64DivZer.o                   2
    cexit.o                      10
    cmain.o                      30
    copy_init3.o                 46
    cstartup_M.o                 12
    data_init.o                  40
    memset.o                     20
    zero_init3.o                 58
    -------------------------------------------------
    Total:                      606

shb_l.a: [5]
    exit.o                       20
    -------------------------------------------------
    Total:                       20

    Gaps                         24        2
    Linker created                        36    1'024
-----------------------------------------------------
    Grand Total:             11'306      110    2'732


*******************************************************************************
*** ENTRY LIST
***

Entry                       Address   Size  Type      Object
-----                       -------   ----  ----      ------
.iar.init_table$$Base    0x800'2ac0          --   Gb  - Linker created -
.iar.init_table$$Limit   0x800'2ae4          --   Gb  - Linker created -
?main                    0x800'2ae5         Code  Gb  cmain.o [4]
AHBPrescTable            0x800'29c8   0x10  Data  Gb  system_stm32l4xx.o [1]
APBPrescTable            0x800'2b58    0x8  Data  Gb  system_stm32l4xx.o [1]
BusFault_Handler         0x800'29df    0x2  Code  Gb  stm32l4xx_it.o [1]
CSTACK$$Base            0x2000'06b0          --   Gb  - Linker created -
CSTACK$$Limit           0x2000'0ab0          --   Gb  - Linker created -
DFSDM1_Init             0x2000'06a8    0x4  Data  Lc  stm32l4xx_hal_msp.o [1]
DFSDM_GetChannelFromInstance
                         0x800'17b5   0x50  Code  Lc  stm32l4xx_hal_dfsdm.o [1]
DebugMon_Handler         0x800'29e5    0x2  Code  Gb  stm32l4xx_it.o [1]
EXTI15_10_IRQHandler     0x800'2a0d   0x26  Code  Gb  stm32l4xx_it.o [1]
EXTI9_5_IRQHandler       0x800'29ed   0x20  Code  Gb  stm32l4xx_it.o [1]
HAL_DFSDM_ChannelInit    0x800'16cd   0xd8  Code  Gb  stm32l4xx_hal_dfsdm.o [1]
HAL_DFSDM_ChannelMspInit
                         0x800'227f   0x3e  Code  Gb  stm32l4xx_hal_msp.o [1]
HAL_Delay                0x800'1d49   0x28  Code  Wk  stm32l4xx_hal.o [1]
HAL_GPIO_EXTI_IRQHandler
                         0x800'168d   0x10  Code  Gb  stm32l4xx_hal_gpio.o [1]
HAL_GPIO_Init            0x800'14b1  0x1c4  Code  Gb  stm32l4xx_hal_gpio.o [1]
HAL_GPIO_TogglePin       0x800'167f    0xe  Code  Gb  stm32l4xx_hal_gpio.o [1]
HAL_GPIO_WritePin        0x800'1675    0xa  Code  Gb  stm32l4xx_hal_gpio.o [1]
HAL_GetTick              0x800'089d    0xc  Code  Wk  stm32l4xx_hal.o [1]
HAL_I2CEx_ConfigAnalogFilter
                         0x800'18dd   0x2a  Code  Gb  stm32l4xx_hal_i2c_ex.o [1]
HAL_I2CEx_ConfigDigitalFilter
                         0x800'1907   0x26  Code  Gb  stm32l4xx_hal_i2c_ex.o [1]
HAL_I2C_Init             0x800'182d   0xa0  Code  Gb  stm32l4xx_hal_i2c.o [1]
HAL_I2C_MspInit          0x800'22bd   0x52  Code  Gb  stm32l4xx_hal_msp.o [1]
HAL_IncTick              0x800'2a35   0x10  Code  Wk  stm32l4xx_hal.o [1]
HAL_Init                 0x800'1465   0x1e  Code  Gb  stm32l4xx_hal.o [1]
HAL_InitTick             0x800'0859   0x44  Code  Wk  stm32l4xx_hal.o [1]
HAL_MspInit              0x800'2251   0x2e  Code  Gb  stm32l4xx_hal_msp.o [1]
HAL_NVIC_EnableIRQ       0x800'09af   0x16  Code  Gb  stm32l4xx_hal_cortex.o [1]
HAL_NVIC_SetPriority     0x800'0975   0x3a  Code  Gb  stm32l4xx_hal_cortex.o [1]
HAL_NVIC_SetPriorityGrouping
                         0x800'095b   0x1a  Code  Gb  stm32l4xx_hal_cortex.o [1]
HAL_PCDEx_ActivateLPM    0x800'27c9   0x26  Code  Gb  stm32l4xx_hal_pcd_ex.o [1]
HAL_PCD_Init             0x800'1b05   0xc4  Code  Gb  stm32l4xx_hal_pcd.o [1]
HAL_PCD_MspInit          0x800'2489   0x88  Code  Gb  stm32l4xx_hal_msp.o [1]
HAL_PWREx_ControlVoltageScaling
                         0x800'08b5   0x5c  Code  Gb  stm32l4xx_hal_pwr_ex.o [1]
HAL_PWREx_EnableVddUSB   0x800'0911    0x6  Code  Gb  stm32l4xx_hal_pwr_ex.o [1]
HAL_PWREx_GetVoltageRange
                         0x800'08a9    0xc  Code  Gb  stm32l4xx_hal_pwr_ex.o [1]
HAL_PWR_EnableBkUpAccess
                         0x800'2241    0xc  Code  Gb  stm32l4xx_hal_pwr.o [1]
HAL_QSPI_Init            0x800'195d   0x96  Code  Gb  stm32l4xx_hal_qspi.o [1]
HAL_QSPI_MspInit         0x800'230f   0x38  Code  Gb  stm32l4xx_hal_msp.o [1]
HAL_RCCEx_EnableMSIPLLMode
                         0x800'0d3d    0xc  Code  Gb  stm32l4xx_hal_rcc_ex.o [1]
HAL_RCCEx_PeriphCLKConfig
                         0x800'0a05  0x31e  Code  Gb  stm32l4xx_hal_rcc_ex.o [1]
HAL_RCC_ClockConfig      0x800'05d5  0x100  Code  Gb  stm32l4xx_hal_rcc.o [1]
HAL_RCC_GetPCLK1Freq     0x800'077b   0x10  Code  Gb  stm32l4xx_hal_rcc.o [1]
HAL_RCC_GetPCLK2Freq     0x800'078b    0xe  Code  Gb  stm32l4xx_hal_rcc.o [1]
HAL_RCC_GetSysClockFreq
                         0x800'06e9   0x92  Code  Gb  stm32l4xx_hal_rcc.o [1]
HAL_RCC_OscConfig        0x800'0189  0x428  Code  Gb  stm32l4xx_hal_rcc.o [1]
HAL_SPI_Init             0x800'1a55   0xa2  Code  Gb  stm32l4xx_hal_spi.o [1]
HAL_SPI_MspInit          0x800'2383   0x52  Code  Gb  stm32l4xx_hal_msp.o [1]
HAL_SYSTICK_Config       0x800'09c5   0x28  Code  Gb  stm32l4xx_hal_cortex.o [1]
HAL_TIMEx_MasterConfigSynchronization
                         0x800'1ced   0x52  Code  Gb  stm32l4xx_hal_tim_ex.o [1]
HAL_TIM_Base_Init        0x800'1be1   0x1a  Code  Gb  stm32l4xx_hal_tim.o [1]
HAL_TIM_Base_MspInit     0x800'23d5   0x22  Code  Gb  stm32l4xx_hal_msp.o [1]
HAL_UART_Init            0x800'1d71   0x30  Code  Gb  stm32l4xx_hal_uart.o [1]
HAL_UART_MspInit         0x800'23f7   0x92  Code  Gb  stm32l4xx_hal_msp.o [1]
HardFault_Handler        0x800'29db    0x2  Code  Gb  stm32l4xx_it.o [1]
MSIRangeTable            0x800'2a44   0x30  Data  Gb  system_stm32l4xx.o [1]
MemManage_Handler        0x800'29dd    0x2  Code  Gb  stm32l4xx_it.o [1]
NMI_Handler              0x800'29d9    0x2  Code  Gb  stm32l4xx_it.o [1]
PendSV_Handler           0x800'29e7    0x2  Code  Gb  stm32l4xx_it.o [1]
QSPI_WaitFlagStateUntilTimeout
                         0x800'1a09   0x4a  Code  Lc  stm32l4xx_hal_qspi.o [1]
RCCEx_PLLSAI1_Config     0x800'0d49   0xe6  Code  Lc  stm32l4xx_hal_rcc_ex.o [1]
RCCEx_PLLSAI2_Config     0x800'0e35   0xce  Code  Lc  stm32l4xx_hal_rcc_ex.o [1]
RCC_SetFlashLatencyFromMSIRange
                         0x800'07a3   0x74  Code  Lc  stm32l4xx_hal_rcc.o [1]
Region$$Table$$Base      0x800'2ac0          --   Gb  - Linker created -
Region$$Table$$Limit     0x800'2ae4          --   Gb  - Linker created -
SVC_Handler              0x800'29e3    0x2  Code  Gb  stm32l4xx_it.o [1]
SysTick_Handler          0x800'29e9    0x4  Code  Gb  stm32l4xx_it.o [1]
SystemClock_Config       0x800'131d   0xb2  Code  Gb  main.o [1]
SystemCoreClock         0x2000'000c    0x4  Data  Gb  system_stm32l4xx.o [1]
SystemInit               0x800'297d   0x3c  Code  Gb  system_stm32l4xx.o [1]
TIM_Base_SetConfig       0x800'1c1f   0xac  Code  Gb  stm32l4xx_hal_tim.o [1]
UART_AdvFeatureConfig    0x800'20a5   0xc6  Code  Gb  stm32l4xx_hal_uart.o [1]
UART_CheckIdleState      0x800'216b   0x5a  Code  Gb  stm32l4xx_hal_uart.o [1]
UART_SetConfig           0x800'1df1  0x276  Code  Gb  stm32l4xx_hal_uart.o [1]
UART_WaitOnFlagUntilTimeout
                         0x800'21c5   0x5a  Code  Gb  stm32l4xx_hal_uart.o [1]
USB_CoreInit             0x800'255d   0x62  Code  Gb  stm32l4xx_ll_usb.o [1]
USB_CoreReset            0x800'2793   0x2a  Code  Lc  stm32l4xx_ll_usb.o [1]
USB_DevDisconnect        0x800'277b    0xc  Code  Gb  stm32l4xx_ll_usb.o [1]
USB_DevInit              0x800'25f3  0x140  Code  Gb  stm32l4xx_ll_usb.o [1]
USB_DisableGlobalInt     0x800'25bf    0x6  Code  Gb  stm32l4xx_ll_usb.o [1]
USB_FlushRxFifo          0x800'2751   0x1a  Code  Gb  stm32l4xx_ll_usb.o [1]
USB_FlushTxFifo          0x800'2733   0x1e  Code  Gb  stm32l4xx_ll_usb.o [1]
USB_SetCurrentMode       0x800'25cb   0x28  Code  Gb  stm32l4xx_ll_usb.o [1]
USB_SetDevSpeed          0x800'276b    0xa  Code  Gb  stm32l4xx_ll_usb.o [1]
UsageFault_Handler       0x800'29e1    0x2  Code  Gb  stm32l4xx_it.o [1]
__NVIC_SetPriority       0x800'0941   0x1a  Code  Lc  stm32l4xx_hal_cortex.o [1]
__aeabi_ldiv0            0x800'2979         Code  Gb  I64DivZer.o [4]
__aeabi_memset           0x800'2911         Code  Gb  ABImemset.o [4]
__cmain                  0x800'2ae5         Code  Gb  cmain.o [4]
__exit                   0x800'2b19   0x14  Code  Gb  exit.o [5]
__iar_Memset             0x800'2911         Code  Gb  ABImemset.o [4]
__iar_Memset_word        0x800'2919         Code  Gb  ABImemset.o [4]
__iar_copy_init3         0x800'1483   0x2e  Code  Gb  copy_init3.o [4]
__iar_data_init3         0x800'2a75   0x28  Code  Gb  data_init.o [4]
__iar_init_vfp           0x800'2a9d         Code  Gb  fpinit_M.o [3]
__iar_program_start      0x800'2b4d         Code  Gb  cstartup_M.o [4]
__iar_small_Memcpy       0x800'27f5         Code  Gb  ABImemcpy_small.o [4]
__iar_small_memcpy       0x800'27f1         Code  Gb  ABImemcpy_small.o [4]
__iar_small_memcpy4      0x800'27f1         Code  Gb  ABImemcpy_small.o [4]
__iar_small_memcpy8      0x800'27f1         Code  Gb  ABImemcpy_small.o [4]
__iar_small_uldivmod     0x800'2809         Code  Gb  I64DivMod_small.o [4]
__iar_zero_init3         0x800'142b   0x3a  Code  Gb  zero_init3.o [4]
__low_level_init         0x800'2b03    0x4  Code  Gb  low_level_init.o [2]
__vector_table           0x800'0000         Data  Gb  startup_stm32l475xx.o [1]
_call_main               0x800'2af1         Code  Gb  cmain.o [4]
_exit                    0x800'2b0d         Code  Gb  cexit.o [4]
_main                    0x800'2aff         Code  Gb  cmain.o [4]
a_dfsdm1ChannelHandle   0x2000'0688   0x20  Data  Lc  stm32l4xx_hal_dfsdm.o [1]
exit                     0x800'2b07    0x4  Code  Gb  exit.o [2]
hdfsdm1_channel1        0x2000'0010   0x38  Data  Gb  main.o [1]
hi2c2                   0x2000'05b4   0x4c  Data  Gb  main.o [1]
hpcd_USB_OTG_FS         0x2000'00ac  0x408  Data  Gb  main.o [1]
hqspi                   0x2000'0600   0x44  Data  Gb  main.o [1]
hspi3                   0x2000'0048   0x64  Data  Gb  main.o [1]
htim6                   0x2000'0644   0x40  Data  Gb  main.o [1]
huart1                  0x2000'04b4   0x80  Data  Gb  main.o [1]
huart3                  0x2000'0534   0x80  Data  Gb  main.o [1]
main                     0x800'0f55  0x37a  Code  Gb  main.o [1]
memset                   0x800'222b   0x14  Code  Gb  memset.o [4]
uwTick                  0x2000'0000    0x4  Data  Gb  stm32l4xx_hal.o [1]
uwTickFreq              0x2000'0008    0x4  Data  Gb  stm32l4xx_hal.o [1]
uwTickPrio              0x2000'0004    0x4  Data  Gb  stm32l4xx_hal.o [1]
v_dfsdm1ChannelCounter  0x2000'0684    0x4  Data  Lc  stm32l4xx_hal_dfsdm.o [1]


[1] = C:\Users\User\Desktop\tp1projet\EWARM\tp1projet\Obj
[2] = dl7M_tln.a
[3] = m7M_tls.a
[4] = rt7M_tl.a
[5] = shb_l.a

  11'306 bytes of readonly  code memory
     110 bytes of readonly  data memory
   2'732 bytes of readwrite data memory

Errors: none
Warnings: none
